Problem at solver For input string: "Shivan Dragon"
