Problem at solver For input string: "Circle of Protection: White"
