Problem at solver For input string: "Wall of Swords"
