Problem at solver For input string: "Will-o'-the-Wisp"
