Problem at solver For input string: "Magical Hack"
