True
15
491 7 1 1 34 1 1 176 8 478 43 210 1 301 256 