Problem at solver For input string: "Mahamoti Djinn"
