Problem at solver For input string: "Animate Artifact"
