Problem at solver For input string: "Consecrate Land"
